  Determining projects to restore...
  All projects are up-to-date for restore.
  meshIt -> C:\Users\Thrinadh reddy\MeshIt\bin\Debug\net8.0-windows10.0.19041.0\meshIt.dll

Build succeeded.
    0 Warning(s)
    0 Error(s)

Time Elapsed 00:00:09.83
